<html>
<body>
<pre>
<h1>µVision Build Log</h1>
<h2>Tool Versions:</h2>
IDE-Version: µVision V5.27.1.0
Copyright (C) 2019 ARM Ltd and ARM Germany GmbH. All rights reserved.
License Information: Amy Lovinsky, NA, LIC=----
 
Tool Versions:
Toolchain:       MDK-Lite  Version: 5.27.1.0
Toolchain Path:  C:\Keil_v5\ARM\ARMCC\Bin
C Compiler:      Armcc.exe V5.06 update 6 (build 750)
Assembler:       Armasm.exe V5.06 update 6 (build 750)
Linker/Locator:  ArmLink.exe V5.06 update 6 (build 750)
Library Manager: ArmAr.exe V5.06 update 6 (build 750)
Hex Converter:   FromElf.exe V5.06 update 6 (build 750)
CPU DLL:         SARMCM3.DLL V5.27.1.0
Dialog DLL:      DCM.DLL V1.17.2.0
Target DLL:      Segger\JL2CM3.dll V2.99.35.0
Dialog DLL:      TCM.DLL V1.36.1.0
 
<h2>Project:</h2>
F:\Libraries\Documents\Keil5 Projects\LCD TFT\LCDADC.uvprojx
Project File Date:  06/21/2019

<h2>Output:</h2>
*** Using Compiler 'V5.06 update 6 (build 750)', folder: 'C:\Keil_v5\ARM\ARMCC\Bin'
Build target 'Target 1'
compiling ILI9486.c...
Delay.h(6): warning:  #1295-D: Deprecated declaration Delay_init - give arg types
  void Delay_init();
Delay.h(11): warning:  #1-D: last line of file ends without a newline
  #endif
ILI9486.h(75): warning:  #1295-D: Deprecated declaration TFT_Init - give arg types
  void TFT_Init(); //Initialization
ILI9486.h(78): warning:  #1295-D: Deprecated declaration TFT_StartWrite - give arg types
  void TFT_StartWrite();
ILI9486.h(83): warning:  #1295-D: Deprecated declaration LCD_WindowMax - give arg types
  void LCD_WindowMax();
ILI9486.h(87): warning:  #1295-D: Deprecated declaration TFT_Show - give arg types
  void TFT_Show();
ILI9486.h(107): warning:  #1295-D: Deprecated declaration TFT_ReadPins - give arg types
  int16_t TFT_ReadPins();
ILI9486.h(108): warning:  #1295-D: Deprecated declaration TFT_ReadData - give arg types
  int16_t TFT_ReadData();
ILI9486.h(109): warning:  #1295-D: Deprecated declaration TFT_ReadStatus - give arg types
  int16_t TFT_ReadStatus();
ILI9486.h(115): warning:  #1-D: last line of file ends without a newline
  #endif
Font_24x16.h(130): warning:  #1-D: last line of file ends without a newline
  };
ILI9486.c(122): warning:  #177-D: variable "i"  was declared but never referenced
  	int16_t i, j, k, h;
ILI9486.c(122): warning:  #177-D: variable "j"  was declared but never referenced
  	int16_t i, j, k, h;
ILI9486.c(247): warning:  #167-D: argument of type "int16_t" is incompatible with parameter of type "int16_t *"
          if (y1 < y0) SWAP(y0,y1);
ILI9486.c(247): warning:  #167-D: argument of type "int16_t" is incompatible with parameter of type "int16_t *"
          if (y1 < y0) SWAP(y0,y1);
ILI9486.c(258): warning:  #167-D: argument of type "int16_t" is incompatible with parameter of type "int16_t *"
          if (x1 < x0) SWAP(x1,x0);
ILI9486.c(258): warning:  #167-D: argument of type "int16_t" is incompatible with parameter of type "int16_t *"
          if (x1 < x0) SWAP(x1,x0);
ILI9486.c(441): warning:  #940-D: missing return statement at end of non-void function "TFT_ReadStatus" 
  }
ILI9486.c(398): warning:  #177-D: function "TFT_ReadData"  was declared but never referenced
  static __inline int16_t TFT_ReadData() { //
ILI9486.c(439): warning:  #177-D: function "TFT_ReadStatus"  was declared but never referenced
  static __inline int16_t TFT_ReadStatus() { //Implement later
ILI9486.c: 20 warnings, 0 errors
linking...
Program Size: Code=2284 RO-data=236 RW-data=1036 ZI-data=612  
FromELF: creating hex file...
".\Objects\LCDADC.axf" - 0 Error(s), 20 Warning(s).

<h2>Software Packages used:</h2>

Package Vendor: Keil
                http://www.keil.com/pack/Keil.LPC1700_DFP.2.5.0.pack
                Keil.LPC1700_DFP.2.5.0
                NXP LPC1700 Series Device Support, Drivers and Examples for MCB1700 and LPC1788-32

<h2>Collection of Component include folders:</h2>
  .\RTE\_Target_1
  C:\Users\Amy\AppData\Local\Arm\Packs\Keil\LPC1700_DFP\2.5.0\Device\Include

<h2>Collection of Component Files used:</h2>
Build Time Elapsed:  00:00:01
</pre>
</body>
</html>
