Component: ARM Compiler 5.06 update 6 (build 750) Tool: armlink [4d35ed]

==============================================================================

Section Cross References

    main.o(i.main) refers to system_lpc17xx.o(i.SystemInit) for SystemInit
    main.o(i.main) refers to delay.o(i.Delay_init) for Delay_init
    main.o(i.main) refers to ili9486.o(i.TFT_Init) for TFT_Init
    main.o(i.main) refers to ili9486.o(i.TFT_Clear) for TFT_Clear
    main.o(i.main) refers to ili9486.o(i.TFT_setBackgroundColor) for TFT_setBackgroundColor
    main.o(i.main) refers to ili9486.o(i.TFT_DrawButton) for TFT_DrawButton
    main.o(i.main) refers to ili9486.o(i.TFT_Show) for TFT_Show
    system_lpc17xx.o(i.SystemCoreClockUpdate) refers to system_lpc17xx.o(.data) for SystemCoreClock
    startup_lpc17xx.o(STACK) refers (Special) to heapauxi.o(.text) for __use_two_region_memory
    startup_lpc17xx.o(HEAP) refers (Special) to heapauxi.o(.text) for __use_two_region_memory
    startup_lpc17xx.o(RESET) refers (Special) to heapauxi.o(.text) for __use_two_region_memory
    startup_lpc17xx.o(RESET) refers to startup_lpc17xx.o(STACK) for __initial_sp
    startup_lpc17xx.o(RESET) refers to startup_lpc17xx.o(.text) for Reset_Handler
    startup_lpc17xx.o(.ARM.__at_0x02FC) refers (Special) to heapauxi.o(.text) for __use_two_region_memory
    startup_lpc17xx.o(.text) refers (Special) to heapauxi.o(.text) for __use_two_region_memory
    startup_lpc17xx.o(.text) refers to system_lpc17xx.o(i.SystemInit) for SystemInit
    startup_lpc17xx.o(.text) refers to __main.o(!!!main) for __main
    startup_lpc17xx.o(.text) refers to startup_lpc17xx.o(HEAP) for Heap_Mem
    startup_lpc17xx.o(.text) refers to startup_lpc17xx.o(STACK) for Stack_Mem
    lcd.o(i.LCD_Clear) refers to lcd.o(i.LCD_SendCommand) for LCD_SendCommand
    lcd.o(i.LCD_Clear) refers to delay.o(i.delayms) for delayms
    lcd.o(i.LCD_Init) refers to gpio.o(i.GPIO_PinDirection) for GPIO_PinDirection
    lcd.o(i.LCD_Init) refers to delay.o(i.delayms) for delayms
    lcd.o(i.LCD_Init) refers to lcd.o(i.LCD_SendCommand) for LCD_SendCommand
    lcd.o(i.LCD_Init) refers to lcd.o(.data) for Pin_RW
    lcd.o(i.LCD_PulseEN) refers to gpio.o(i.GPIO_PinWrite) for GPIO_PinWrite
    lcd.o(i.LCD_PulseEN) refers to delay.o(i.delayus) for delayus
    lcd.o(i.LCD_PulseEN) refers to lcd.o(.data) for Pin_E
    lcd.o(i.LCD_SendChar) refers to lcd.o(i.LCD_SetHalf) for LCD_SetHalf
    lcd.o(i.LCD_SendChar) refers to gpio.o(i.GPIO_PinWrite) for GPIO_PinWrite
    lcd.o(i.LCD_SendChar) refers to lcd.o(i.LCD_PulseEN) for LCD_PulseEN
    lcd.o(i.LCD_SendChar) refers to delay.o(i.delayus) for delayus
    lcd.o(i.LCD_SendChar) refers to lcd.o(.data) for Pin_RS
    lcd.o(i.LCD_SendCommand) refers to lcd.o(i.LCD_SetHalf) for LCD_SetHalf
    lcd.o(i.LCD_SendCommand) refers to gpio.o(i.GPIO_PinWrite) for GPIO_PinWrite
    lcd.o(i.LCD_SendCommand) refers to lcd.o(i.LCD_PulseEN) for LCD_PulseEN
    lcd.o(i.LCD_SendCommand) refers to delay.o(i.delayus) for delayus
    lcd.o(i.LCD_SendCommand) refers to lcd.o(.data) for Pin_RS
    lcd.o(i.LCD_SetHalf) refers to gpio.o(i.GPIO_PinWrite) for GPIO_PinWrite
    lcd.o(i.LCD_SetHalf) refers to lcd.o(.data) for Pin_D4
    lcd.o(i.LCD_printf) refers to lcd.o(i.LCD_SendChar) for LCD_SendChar
    delay.o(i.Delay_init) refers to delay.o(i.getPrescalar) for getPrescalar
    delay.o(i.getPrescalar) refers to system_lpc17xx.o(.data) for SystemCoreClock
    clock.o(i.Clock_Init) refers to clock.o(i.feedSeq) for feedSeq
    ili9486.o(i.LCD_Window) refers to ili9486.o(i.TFT_WriteCMD) for TFT_WriteCMD
    ili9486.o(i.LCD_Window) refers to ili9486.o(i.TFT_WriteData) for TFT_WriteData
    ili9486.o(i.LCD_WindowMax) refers to ili9486.o(i.LCD_Window) for LCD_Window
    ili9486.o(i.TFT_Clear) refers to ili9486.o(i.LCD_WindowMax) for LCD_WindowMax
    ili9486.o(i.TFT_Clear) refers to ili9486.o(i.TFT_StartWrite) for TFT_StartWrite
    ili9486.o(i.TFT_Clear) refers to ili9486.o(i.TFT_SendData) for TFT_SendData
    ili9486.o(i.TFT_Clear) refers to ili9486.o(i.TFT_Show) for TFT_Show
    ili9486.o(i.TFT_DrawBitmap) refers to ili9486.o(i.LCD_Window) for LCD_Window
    ili9486.o(i.TFT_DrawBitmap) refers to ili9486.o(i.TFT_StartWrite) for TFT_StartWrite
    ili9486.o(i.TFT_DrawBitmap) refers to ili9486.o(i.TFT_SendData) for TFT_SendData
    ili9486.o(i.TFT_DrawButton) refers to ili9486.o(i.TFT_DrawFillRect) for TFT_DrawFillRect
    ili9486.o(i.TFT_DrawButton) refers to ili9486.o(i.TFT_setBackgroundColor) for TFT_setBackgroundColor
    ili9486.o(i.TFT_DrawButton) refers to ili9486.o(i.TFT_DrawString) for TFT_DrawString
    ili9486.o(i.TFT_DrawButton) refers to ili9486.o(.data) for fontSize
    ili9486.o(i.TFT_DrawChar) refers to ili9486.o(i.LCD_Window) for LCD_Window
    ili9486.o(i.TFT_DrawChar) refers to ili9486.o(i.TFT_StartWrite) for TFT_StartWrite
    ili9486.o(i.TFT_DrawChar) refers to ili9486.o(i.TFT_SendData) for TFT_SendData
    ili9486.o(i.TFT_DrawChar) refers to ili9486.o(.data) for fontSize
    ili9486.o(i.TFT_DrawCircle) refers to ili9486.o(i.TFT_DrawPixel) for TFT_DrawPixel
    ili9486.o(i.TFT_DrawFillCircle) refers to ili9486.o(i.TFT_DrawLineVertical) for TFT_DrawLineVertical
    ili9486.o(i.TFT_DrawFillRect) refers to ili9486.o(i.LCD_Window) for LCD_Window
    ili9486.o(i.TFT_DrawFillRect) refers to ili9486.o(i.TFT_StartWrite) for TFT_StartWrite
    ili9486.o(i.TFT_DrawFillRect) refers to ili9486.o(i.TFT_SendData) for TFT_SendData
    ili9486.o(i.TFT_DrawLine) refers to ili9486.o(i.SWAP) for SWAP
    ili9486.o(i.TFT_DrawLine) refers to ili9486.o(i.TFT_DrawLineVertical) for TFT_DrawLineVertical
    ili9486.o(i.TFT_DrawLine) refers to ili9486.o(i.TFT_DrawLineHorizontal) for TFT_DrawLineHorizontal
    ili9486.o(i.TFT_DrawLine) refers to ili9486.o(i.TFT_DrawPixel) for TFT_DrawPixel
    ili9486.o(i.TFT_DrawLineHorizontal) refers to ili9486.o(i.LCD_Window) for LCD_Window
    ili9486.o(i.TFT_DrawLineHorizontal) refers to ili9486.o(i.TFT_StartWrite) for TFT_StartWrite
    ili9486.o(i.TFT_DrawLineHorizontal) refers to ili9486.o(i.TFT_SendData) for TFT_SendData
    ili9486.o(i.TFT_DrawLineVertical) refers to ili9486.o(i.LCD_Window) for LCD_Window
    ili9486.o(i.TFT_DrawLineVertical) refers to ili9486.o(i.TFT_StartWrite) for TFT_StartWrite
    ili9486.o(i.TFT_DrawLineVertical) refers to ili9486.o(i.TFT_SendData) for TFT_SendData
    ili9486.o(i.TFT_DrawPixel) refers to ili9486.o(i.LCD_Window) for LCD_Window
    ili9486.o(i.TFT_DrawPixel) refers to ili9486.o(i.TFT_StartWrite) for TFT_StartWrite
    ili9486.o(i.TFT_DrawPixel) refers to ili9486.o(i.TFT_SendData) for TFT_SendData
    ili9486.o(i.TFT_DrawRect) refers to ili9486.o(i.TFT_DrawLineHorizontal) for TFT_DrawLineHorizontal
    ili9486.o(i.TFT_DrawRect) refers to ili9486.o(i.TFT_DrawLineVertical) for TFT_DrawLineVertical
    ili9486.o(i.TFT_DrawString) refers to ili9486.o(i.TFT_DrawChar) for TFT_DrawChar
    ili9486.o(i.TFT_DrawString) refers to ili9486.o(.data) for fontSize
    ili9486.o(i.TFT_Init) refers to delay.o(i.delayms) for delayms
    ili9486.o(i.TFT_Init) refers to ili9486.o(i.TFT_WriteCMD) for TFT_WriteCMD
    ili9486.o(i.TFT_Init) refers to ili9486.o(i.TFT_WriteData) for TFT_WriteData
    ili9486.o(i.TFT_SendData) refers to ili9486.o(i.TFT_SetData) for TFT_SetData
    ili9486.o(i.TFT_SetFontSize) refers to ili9486.o(.data) for fontSize
    ili9486.o(i.TFT_Show) refers to ili9486.o(i.LCD_WindowMax) for LCD_WindowMax
    ili9486.o(i.TFT_WriteCMD) refers to ili9486.o(i.TFT_SetData) for TFT_SetData
    ili9486.o(i.TFT_WriteData) refers to ili9486.o(i.TFT_SetData) for TFT_SetData
    ili9486.o(i.TFT_setBackgroundColor) refers to ili9486.o(.data) for BackgroundColor
    ili9486.o(i.TFT_setTextColor) refers to ili9486.o(.data) for textColor
    __main.o(!!!main) refers to __rtentry.o(.ARM.Collect$$rtentry$$00000000) for __rt_entry
    __rtentry.o(.ARM.Collect$$rtentry$$00000000) refers (Special) to __rtentry2.o(.ARM.Collect$$rtentry$$0000000A) for __rt_entry_li
    __rtentry.o(.ARM.Collect$$rtentry$$00000000) refers (Special) to __rtentry2.o(.ARM.Collect$$rtentry$$0000000D) for __rt_entry_main
    __rtentry.o(.ARM.Collect$$rtentry$$00000000) refers (Special) to __rtentry2.o(.ARM.Collect$$rtentry$$0000000C) for __rt_entry_postli_1
    __rtentry.o(.ARM.Collect$$rtentry$$00000000) refers (Special) to __rtentry2.o(.ARM.Collect$$rtentry$$00000009) for __rt_entry_postsh_1
    __rtentry.o(.ARM.Collect$$rtentry$$00000000) refers (Special) to __rtentry2.o(.ARM.Collect$$rtentry$$00000002) for __rt_entry_presh_1
    __rtentry.o(.ARM.Collect$$rtentry$$00000000) refers (Special) to __rtentry4.o(.ARM.Collect$$rtentry$$00000004) for __rt_entry_sh
    __rtentry2.o(.ARM.Collect$$rtentry$$00000008) refers to boardinit2.o(.text) for _platform_post_stackheap_init
    __rtentry2.o(.ARM.Collect$$rtentry$$0000000A) refers to libinit.o(.ARM.Collect$$libinit$$00000000) for __rt_lib_init
    __rtentry2.o(.ARM.Collect$$rtentry$$0000000B) refers to boardinit3.o(.text) for _platform_post_lib_init
    __rtentry2.o(.ARM.Collect$$rtentry$$0000000D) refers to main.o(i.main) for main
    __rtentry2.o(.ARM.Collect$$rtentry$$0000000D) refers to exit.o(.text) for exit
    __rtentry2.o(.ARM.exidx) refers to __rtentry2.o(.ARM.Collect$$rtentry$$00000001) for .ARM.Collect$$rtentry$$00000001
    __rtentry2.o(.ARM.exidx) refers to __rtentry2.o(.ARM.Collect$$rtentry$$00000008) for .ARM.Collect$$rtentry$$00000008
    __rtentry2.o(.ARM.exidx) refers to __rtentry2.o(.ARM.Collect$$rtentry$$0000000A) for .ARM.Collect$$rtentry$$0000000A
    __rtentry2.o(.ARM.exidx) refers to __rtentry2.o(.ARM.Collect$$rtentry$$0000000B) for .ARM.Collect$$rtentry$$0000000B
    __rtentry2.o(.ARM.exidx) refers to __rtentry2.o(.ARM.Collect$$rtentry$$0000000D) for .ARM.Collect$$rtentry$$0000000D
    __rtentry4.o(.ARM.Collect$$rtentry$$00000004) refers to sys_stackheap_outer.o(.text) for __user_setup_stackheap
    __rtentry4.o(.ARM.exidx) refers to __rtentry4.o(.ARM.Collect$$rtentry$$00000004) for .ARM.Collect$$rtentry$$00000004
    sys_stackheap_outer.o(.text) refers to libspace.o(.text) for __user_perproc_libspace
    sys_stackheap_outer.o(.text) refers to startup_lpc17xx.o(.text) for __user_initial_stackheap
    exit.o(.text) refers to rtexit.o(.ARM.Collect$$rtexit$$00000000) for __rt_exit
    libinit.o(.ARM.Collect$$libinit$$00000000) refers (Special) to libinit2.o(.ARM.Collect$$libinit$$0000002E) for __rt_lib_init_alloca_1
    libinit.o(.ARM.Collect$$libinit$$00000000) refers (Special) to libinit2.o(.ARM.Collect$$libinit$$0000002C) for __rt_lib_init_argv_1
    libinit.o(.ARM.Collect$$libinit$$00000000) refers (Special) to libinit2.o(.ARM.Collect$$libinit$$0000001B) for __rt_lib_init_atexit_1
    libinit.o(.ARM.Collect$$libinit$$00000000) refers (Special) to libinit2.o(.ARM.Collect$$libinit$$00000021) for __rt_lib_init_clock_1
    libinit.o(.ARM.Collect$$libinit$$00000000) refers (Special) to libinit2.o(.ARM.Collect$$libinit$$00000032) for __rt_lib_init_cpp_1
    libinit.o(.ARM.Collect$$libinit$$00000000) refers (Special) to libinit2.o(.ARM.Collect$$libinit$$00000030) for __rt_lib_init_exceptions_1
    libinit.o(.ARM.Collect$$libinit$$00000000) refers (Special) to libinit2.o(.ARM.Collect$$libinit$$00000002) for __rt_lib_init_fp_1
    libinit.o(.ARM.Collect$$libinit$$00000000) refers (Special) to libinit2.o(.ARM.Collect$$libinit$$0000001F) for __rt_lib_init_fp_trap_1
    libinit.o(.ARM.Collect$$libinit$$00000000) refers (Special) to libinit2.o(.ARM.Collect$$libinit$$00000023) for __rt_lib_init_getenv_1
    libinit.o(.ARM.Collect$$libinit$$00000000) refers (Special) to libinit2.o(.ARM.Collect$$libinit$$0000000A) for __rt_lib_init_heap_1
    libinit.o(.ARM.Collect$$libinit$$00000000) refers (Special) to libinit2.o(.ARM.Collect$$libinit$$00000011) for __rt_lib_init_lc_collate_1
    libinit.o(.ARM.Collect$$libinit$$00000000) refers (Special) to libinit2.o(.ARM.Collect$$libinit$$00000013) for __rt_lib_init_lc_ctype_1
    libinit.o(.ARM.Collect$$libinit$$00000000) refers (Special) to libinit2.o(.ARM.Collect$$libinit$$00000015) for __rt_lib_init_lc_monetary_1
    libinit.o(.ARM.Collect$$libinit$$00000000) refers (Special) to libinit2.o(.ARM.Collect$$libinit$$00000017) for __rt_lib_init_lc_numeric_1
    libinit.o(.ARM.Collect$$libinit$$00000000) refers (Special) to libinit2.o(.ARM.Collect$$libinit$$00000019) for __rt_lib_init_lc_time_1
    libinit.o(.ARM.Collect$$libinit$$00000000) refers (Special) to libinit2.o(.ARM.Collect$$libinit$$00000004) for __rt_lib_init_preinit_1
    libinit.o(.ARM.Collect$$libinit$$00000000) refers (Special) to libinit2.o(.ARM.Collect$$libinit$$0000000E) for __rt_lib_init_rand_1
    libinit.o(.ARM.Collect$$libinit$$00000000) refers (Special) to libinit2.o(.ARM.Collect$$libinit$$00000033) for __rt_lib_init_return
    libinit.o(.ARM.Collect$$libinit$$00000000) refers (Special) to libinit2.o(.ARM.Collect$$libinit$$0000001D) for __rt_lib_init_signal_1
    libinit.o(.ARM.Collect$$libinit$$00000000) refers (Special) to libinit2.o(.ARM.Collect$$libinit$$00000025) for __rt_lib_init_stdio_1
    libinit.o(.ARM.Collect$$libinit$$00000000) refers (Special) to libinit2.o(.ARM.Collect$$libinit$$0000000C) for __rt_lib_init_user_alloc_1
    libspace.o(.text) refers to libspace.o(.bss) for __libspace_start
    rtexit.o(.ARM.Collect$$rtexit$$00000000) refers (Special) to rtexit2.o(.ARM.Collect$$rtexit$$00000004) for __rt_exit_exit
    rtexit.o(.ARM.Collect$$rtexit$$00000000) refers (Special) to rtexit2.o(.ARM.Collect$$rtexit$$00000003) for __rt_exit_ls
    rtexit.o(.ARM.Collect$$rtexit$$00000000) refers (Special) to rtexit2.o(.ARM.Collect$$rtexit$$00000002) for __rt_exit_prels_1
    rtexit.o(.ARM.exidx) refers (Special) to rtexit2.o(.ARM.Collect$$rtexit$$00000004) for __rt_exit_exit
    rtexit.o(.ARM.exidx) refers (Special) to rtexit2.o(.ARM.Collect$$rtexit$$00000003) for __rt_exit_ls
    rtexit.o(.ARM.exidx) refers (Special) to rtexit2.o(.ARM.Collect$$rtexit$$00000002) for __rt_exit_prels_1
    rtexit.o(.ARM.exidx) refers to rtexit.o(.ARM.Collect$$rtexit$$00000000) for .ARM.Collect$$rtexit$$00000000
    libinit2.o(.ARM.Collect$$libinit$$00000010) refers to libinit2.o(.ARM.Collect$$libinit$$0000000F) for .ARM.Collect$$libinit$$0000000F
    libinit2.o(.ARM.Collect$$libinit$$00000012) refers to libinit2.o(.ARM.Collect$$libinit$$0000000F) for .ARM.Collect$$libinit$$0000000F
    libinit2.o(.ARM.Collect$$libinit$$00000014) refers to libinit2.o(.ARM.Collect$$libinit$$0000000F) for .ARM.Collect$$libinit$$0000000F
    libinit2.o(.ARM.Collect$$libinit$$00000016) refers to libinit2.o(.ARM.Collect$$libinit$$0000000F) for .ARM.Collect$$libinit$$0000000F
    libinit2.o(.ARM.Collect$$libinit$$00000018) refers to libinit2.o(.ARM.Collect$$libinit$$0000000F) for .ARM.Collect$$libinit$$0000000F
    libinit2.o(.ARM.Collect$$libinit$$00000026) refers to argv_veneer.o(.emb_text) for __ARM_argv_veneer
    libinit2.o(.ARM.Collect$$libinit$$00000027) refers to argv_veneer.o(.emb_text) for __ARM_argv_veneer
    rtexit2.o(.ARM.Collect$$rtexit$$00000003) refers to libshutdown.o(.ARM.Collect$$libshutdown$$00000000) for __rt_lib_shutdown
    rtexit2.o(.ARM.Collect$$rtexit$$00000004) refers to sys_exit.o(.text) for _sys_exit
    rtexit2.o(.ARM.exidx) refers to rtexit2.o(.ARM.Collect$$rtexit$$00000001) for .ARM.Collect$$rtexit$$00000001
    rtexit2.o(.ARM.exidx) refers to rtexit2.o(.ARM.Collect$$rtexit$$00000003) for .ARM.Collect$$rtexit$$00000003
    rtexit2.o(.ARM.exidx) refers to rtexit2.o(.ARM.Collect$$rtexit$$00000004) for .ARM.Collect$$rtexit$$00000004
    argv_veneer.o(.emb_text) refers to no_argv.o(.text) for __ARM_get_argv
    sys_exit.o(.text) refers (Special) to use_no_semi.o(.text) for __I$use$semihosting
    sys_exit.o(.text) refers (Special) to indicate_semi.o(.text) for __semihosting_library_function
    _get_argv_nomalloc.o(.text) refers (Special) to hrguard.o(.text) for __heap_region$guard
    _get_argv_nomalloc.o(.text) refers to defsig_rtmem_outer.o(.text) for __rt_SIGRTMEM
    _get_argv_nomalloc.o(.text) refers to sys_command.o(.text) for _sys_command_string
    libshutdown.o(.ARM.Collect$$libshutdown$$00000000) refers (Special) to libshutdown2.o(.ARM.Collect$$libshutdown$$00000002) for __rt_lib_shutdown_cpp_1
    libshutdown.o(.ARM.Collect$$libshutdown$$00000000) refers (Special) to libshutdown2.o(.ARM.Collect$$libshutdown$$00000007) for __rt_lib_shutdown_fp_trap_1
    libshutdown.o(.ARM.Collect$$libshutdown$$00000000) refers (Special) to libshutdown2.o(.ARM.Collect$$libshutdown$$0000000F) for __rt_lib_shutdown_heap_1
    libshutdown.o(.ARM.Collect$$libshutdown$$00000000) refers (Special) to libshutdown2.o(.ARM.Collect$$libshutdown$$00000010) for __rt_lib_shutdown_return
    libshutdown.o(.ARM.Collect$$libshutdown$$00000000) refers (Special) to libshutdown2.o(.ARM.Collect$$libshutdown$$0000000A) for __rt_lib_shutdown_signal_1
    libshutdown.o(.ARM.Collect$$libshutdown$$00000000) refers (Special) to libshutdown2.o(.ARM.Collect$$libshutdown$$00000004) for __rt_lib_shutdown_stdio_1
    libshutdown.o(.ARM.Collect$$libshutdown$$00000000) refers (Special) to libshutdown2.o(.ARM.Collect$$libshutdown$$0000000C) for __rt_lib_shutdown_user_alloc_1
    sys_command.o(.text) refers (Special) to use_no_semi.o(.text) for __I$use$semihosting
    sys_command.o(.text) refers (Special) to indicate_semi.o(.text) for __semihosting_library_function
    defsig_rtmem_outer.o(.text) refers to defsig_rtmem_inner.o(.text) for __rt_SIGRTMEM_inner
    defsig_rtmem_outer.o(.text) refers to defsig_exit.o(.text) for __sig_exit
    defsig_rtmem_formal.o(.text) refers to rt_raise.o(.text) for __rt_raise
    rt_raise.o(.text) refers to __raise.o(.text) for __raise
    rt_raise.o(.text) refers to sys_exit.o(.text) for _sys_exit
    defsig_exit.o(.text) refers to sys_exit.o(.text) for _sys_exit
    defsig_rtmem_inner.o(.text) refers to defsig_general.o(.text) for __default_signal_display
    __raise.o(.text) refers to defsig.o(CL$$defsig) for __default_signal_handler
    defsig_general.o(.text) refers to sys_wrch.o(.text) for _ttywrch
    sys_wrch.o(.text) refers (Special) to use_no_semi.o(.text) for __I$use$semihosting
    sys_wrch.o(.text) refers (Special) to indicate_semi.o(.text) for __semihosting_library_function
    defsig.o(CL$$defsig) refers to defsig_rtmem_inner.o(.text) for __rt_SIGRTMEM_inner
    defsig_abrt_inner.o(.text) refers to defsig_general.o(.text) for __default_signal_display
    defsig_fpe_inner.o(.text) refers to defsig_general.o(.text) for __default_signal_display
    defsig_rtred_inner.o(.text) refers to defsig_general.o(.text) for __default_signal_display
    defsig_stak_inner.o(.text) refers to defsig_general.o(.text) for __default_signal_display
    defsig_pvfn_inner.o(.text) refers to defsig_general.o(.text) for __default_signal_display
    defsig_cppl_inner.o(.text) refers to defsig_general.o(.text) for __default_signal_display
    defsig_segv_inner.o(.text) refers to defsig_general.o(.text) for __default_signal_display
    defsig_other.o(.text) refers to defsig_general.o(.text) for __default_signal_display


==============================================================================

Removing Unused input sections from the image.

    Removing main.o(.rev16_text), (4 bytes).
    Removing main.o(.revsh_text), (4 bytes).
    Removing main.o(.rrx_text), (6 bytes).
    Removing main.o(.data), (8 bytes).
    Removing system_lpc17xx.o(.rev16_text), (4 bytes).
    Removing system_lpc17xx.o(.revsh_text), (4 bytes).
    Removing system_lpc17xx.o(.rrx_text), (6 bytes).
    Removing system_lpc17xx.o(i.SystemCoreClockUpdate), (324 bytes).
    Removing gpio.o(.rev16_text), (4 bytes).
    Removing gpio.o(.revsh_text), (4 bytes).
    Removing gpio.o(.rrx_text), (6 bytes).
    Removing gpio.o(i.GPIO_PinDirection), (52 bytes).
    Removing gpio.o(i.GPIO_PinFunction), (72 bytes).
    Removing gpio.o(i.GPIO_PinRead), (48 bytes).
    Removing gpio.o(i.GPIO_PinToggle), (36 bytes).
    Removing gpio.o(i.GPIO_PinWrite), (52 bytes).
    Removing lcd.o(.rev16_text), (4 bytes).
    Removing lcd.o(.revsh_text), (4 bytes).
    Removing lcd.o(.rrx_text), (6 bytes).
    Removing lcd.o(i.LCD_Clear), (28 bytes).
    Removing lcd.o(i.LCD_Init), (200 bytes).
    Removing lcd.o(i.LCD_PulseEN), (36 bytes).
    Removing lcd.o(i.LCD_SendChar), (88 bytes).
    Removing lcd.o(i.LCD_SendCommand), (88 bytes).
    Removing lcd.o(i.LCD_SetHalf), (72 bytes).
    Removing lcd.o(i.LCD_printf), (22 bytes).
    Removing lcd.o(.data), (7 bytes).
    Removing delay.o(.rev16_text), (4 bytes).
    Removing delay.o(.revsh_text), (4 bytes).
    Removing delay.o(.rrx_text), (6 bytes).
    Removing delay.o(i.delayus), (34 bytes).
    Removing clock.o(.rev16_text), (4 bytes).
    Removing clock.o(.revsh_text), (4 bytes).
    Removing clock.o(.rrx_text), (6 bytes).
    Removing clock.o(i.Clock_Init), (120 bytes).
    Removing clock.o(i.feedSeq), (28 bytes).
    Removing ili9486.o(.rev16_text), (4 bytes).
    Removing ili9486.o(.revsh_text), (4 bytes).
    Removing ili9486.o(.rrx_text), (6 bytes).
    Removing ili9486.o(.emb_text), (4 bytes).
    Removing ili9486.o(i.SWAP), (38 bytes).
    Removing ili9486.o(i.TFT_DrawBitmap), (48 bytes).
    Removing ili9486.o(i.TFT_DrawCircle), (138 bytes).
    Removing ili9486.o(i.TFT_DrawFillCircle), (122 bytes).
    Removing ili9486.o(i.TFT_DrawLine), (340 bytes).
    Removing ili9486.o(i.TFT_DrawLineHorizontal), (54 bytes).
    Removing ili9486.o(i.TFT_DrawLineVertical), (54 bytes).
    Removing ili9486.o(i.TFT_DrawPixel), (32 bytes).
    Removing ili9486.o(i.TFT_DrawRect), (140 bytes).
    Removing ili9486.o(i.TFT_SetFontSize), (12 bytes).
    Removing ili9486.o(i.TFT_setTextColor), (12 bytes).

51 unused section(s) (total 2407 bytes) removed from the image.

==============================================================================

Image Symbol Table

    Local Symbols

    Symbol Name                              Value     Ov Type        Size  Object(Section)

    RESET                                    0x00000000   Section      204  startup_lpc17xx.o(RESET)
    ../clib/angel/boardlib.s                 0x00000000   Number         0  boardinit3.o ABSOLUTE
    ../clib/angel/boardlib.s                 0x00000000   Number         0  boardshut.o ABSOLUTE
    ../clib/angel/boardlib.s                 0x00000000   Number         0  boardinit1.o ABSOLUTE
    ../clib/angel/boardlib.s                 0x00000000   Number         0  boardinit2.o ABSOLUTE
    ../clib/angel/dczerorl2.s                0x00000000   Number         0  __dczerorl2.o ABSOLUTE
    ../clib/angel/handlers.s                 0x00000000   Number         0  __scatter_zi.o ABSOLUTE
    ../clib/angel/kernel.s                   0x00000000   Number         0  __rtentry2.o ABSOLUTE
    ../clib/angel/kernel.s                   0x00000000   Number         0  __rtentry4.o ABSOLUTE
    ../clib/angel/kernel.s                   0x00000000   Number         0  __rtentry.o ABSOLUTE
    ../clib/angel/kernel.s                   0x00000000   Number         0  rtexit2.o ABSOLUTE
    ../clib/angel/kernel.s                   0x00000000   Number         0  rtexit.o ABSOLUTE
    ../clib/angel/rt.s                       0x00000000   Number         0  rt_raise.o ABSOLUTE
    ../clib/angel/scatter.s                  0x00000000   Number         0  __scatter.o ABSOLUTE
    ../clib/angel/startup.s                  0x00000000   Number         0  __main.o ABSOLUTE
    ../clib/angel/sys.s                      0x00000000   Number         0  sys_stackheap_outer.o ABSOLUTE
    ../clib/angel/sys.s                      0x00000000   Number         0  use_no_semi.o ABSOLUTE
    ../clib/angel/sys.s                      0x00000000   Number         0  libspace.o ABSOLUTE
    ../clib/angel/sys.s                      0x00000000   Number         0  indicate_semi.o ABSOLUTE
    ../clib/angel/sysapp.c                   0x00000000   Number         0  sys_exit.o ABSOLUTE
    ../clib/angel/sysapp.c                   0x00000000   Number         0  sys_command.o ABSOLUTE
    ../clib/angel/sysapp.c                   0x00000000   Number         0  sys_wrch.o ABSOLUTE
    ../clib/armsys.c                         0x00000000   Number         0  argv_veneer.o ABSOLUTE
    ../clib/armsys.c                         0x00000000   Number         0  argv_veneer.o ABSOLUTE
    ../clib/armsys.c                         0x00000000   Number         0  _get_argv_nomalloc.o ABSOLUTE
    ../clib/armsys.c                         0x00000000   Number         0  no_argv.o ABSOLUTE
    ../clib/heapalloc.c                      0x00000000   Number         0  hrguard.o ABSOLUTE
    ../clib/heapaux.c                        0x00000000   Number         0  heapauxi.o ABSOLUTE
    ../clib/libinit.s                        0x00000000   Number         0  libinit.o ABSOLUTE
    ../clib/libinit.s                        0x00000000   Number         0  libshutdown2.o ABSOLUTE
    ../clib/libinit.s                        0x00000000   Number         0  libinit2.o ABSOLUTE
    ../clib/libinit.s                        0x00000000   Number         0  libshutdown.o ABSOLUTE
    ../clib/signal.c                         0x00000000   Number         0  defsig_exit.o ABSOLUTE
    ../clib/signal.c                         0x00000000   Number         0  defsig_general.o ABSOLUTE
    ../clib/signal.c                         0x00000000   Number         0  __raise.o ABSOLUTE
    ../clib/signal.c                         0x00000000   Number         0  defsig_rtmem_inner.o ABSOLUTE
    ../clib/signal.c                         0x00000000   Number         0  defsig_fpe_inner.o ABSOLUTE
    ../clib/signal.c                         0x00000000   Number         0  defsig_rtmem_formal.o ABSOLUTE
    ../clib/signal.c                         0x00000000   Number         0  defsig_rtmem_outer.o ABSOLUTE
    ../clib/signal.c                         0x00000000   Number         0  defsig_rtred_inner.o ABSOLUTE
    ../clib/signal.c                         0x00000000   Number         0  defsig_other.o ABSOLUTE
    ../clib/signal.c                         0x00000000   Number         0  defsig_segv_inner.o ABSOLUTE
    ../clib/signal.c                         0x00000000   Number         0  defsig_stak_inner.o ABSOLUTE
    ../clib/signal.c                         0x00000000   Number         0  defsig_pvfn_inner.o ABSOLUTE
    ../clib/signal.c                         0x00000000   Number         0  defsig_abrt_inner.o ABSOLUTE
    ../clib/signal.c                         0x00000000   Number         0  defsig_cppl_inner.o ABSOLUTE
    ../clib/signal.s                         0x00000000   Number         0  defsig.o ABSOLUTE
    ../clib/stdlib.c                         0x00000000   Number         0  exit.o ABSOLUTE
    ../fplib/fpinit.s                        0x00000000   Number         0  fpinit.o ABSOLUTE
    Clock.c                                  0x00000000   Number         0  clock.o ABSOLUTE
    Clock.c                                  0x00000000   Number         0  clock.o ABSOLUTE
    Delay.c                                  0x00000000   Number         0  delay.o ABSOLUTE
    Delay.c                                  0x00000000   Number         0  delay.o ABSOLUTE
    GPIO.c                                   0x00000000   Number         0  gpio.o ABSOLUTE
    GPIO.c                                   0x00000000   Number         0  gpio.o ABSOLUTE
    ILI9486.c                                0x00000000   Number         0  ili9486.o ABSOLUTE
    ILI9486.c                                0x00000000   Number         0  ili9486.o ABSOLUTE
    LCD.c                                    0x00000000   Number         0  lcd.o ABSOLUTE
    LCD.c                                    0x00000000   Number         0  lcd.o ABSOLUTE
    dc.s                                     0x00000000   Number         0  dc.o ABSOLUTE
    main.c                                   0x00000000   Number         0  main.o ABSOLUTE
    main.c                                   0x00000000   Number         0  main.o ABSOLUTE
    startup_LPC17xx.s                        0x00000000   Number         0  startup_lpc17xx.o ABSOLUTE
    system_LPC17xx.c                         0x00000000   Number         0  system_lpc17xx.o ABSOLUTE
    system_LPC17xx.c                         0x00000000   Number         0  system_lpc17xx.o ABSOLUTE
    !!!main                                  0x000000cc   Section        8  __main.o(!!!main)
    !!!scatter                               0x000000d4   Section       52  __scatter.o(!!!scatter)
    !!dczerorl2                              0x00000108   Section       90  __dczerorl2.o(!!dczerorl2)
    !!handler_zi                             0x00000164   Section       28  __scatter_zi.o(!!handler_zi)
    .ARM.Collect$$libinit$$00000000          0x00000180   Section        2  libinit.o(.ARM.Collect$$libinit$$00000000)
    .ARM.Collect$$libinit$$00000002          0x00000182   Section        0  libinit2.o(.ARM.Collect$$libinit$$00000002)
    .ARM.Collect$$libinit$$00000004          0x00000182   Section        0  libinit2.o(.ARM.Collect$$libinit$$00000004)
    .ARM.Collect$$libinit$$0000000A          0x00000182   Section        0  libinit2.o(.ARM.Collect$$libinit$$0000000A)
    .ARM.Collect$$libinit$$0000000C          0x00000182   Section        0  libinit2.o(.ARM.Collect$$libinit$$0000000C)
    .ARM.Collect$$libinit$$0000000E          0x00000182   Section        0  libinit2.o(.ARM.Collect$$libinit$$0000000E)
    .ARM.Collect$$libinit$$00000011          0x00000182   Section        0  libinit2.o(.ARM.Collect$$libinit$$00000011)
    .ARM.Collect$$libinit$$00000013          0x00000182   Section        0  libinit2.o(.ARM.Collect$$libinit$$00000013)
    .ARM.Collect$$libinit$$00000015          0x00000182   Section        0  libinit2.o(.ARM.Collect$$libinit$$00000015)
    .ARM.Collect$$libinit$$00000017          0x00000182   Section        0  libinit2.o(.ARM.Collect$$libinit$$00000017)
    .ARM.Collect$$libinit$$00000019          0x00000182   Section        0  libinit2.o(.ARM.Collect$$libinit$$00000019)
    .ARM.Collect$$libinit$$0000001B          0x00000182   Section        0  libinit2.o(.ARM.Collect$$libinit$$0000001B)
    .ARM.Collect$$libinit$$0000001D          0x00000182   Section        0  libinit2.o(.ARM.Collect$$libinit$$0000001D)
    .ARM.Collect$$libinit$$0000001F          0x00000182   Section        0  libinit2.o(.ARM.Collect$$libinit$$0000001F)
    .ARM.Collect$$libinit$$00000021          0x00000182   Section        0  libinit2.o(.ARM.Collect$$libinit$$00000021)
    .ARM.Collect$$libinit$$00000023          0x00000182   Section        0  libinit2.o(.ARM.Collect$$libinit$$00000023)
    .ARM.Collect$$libinit$$00000025          0x00000182   Section        0  libinit2.o(.ARM.Collect$$libinit$$00000025)
    .ARM.Collect$$libinit$$0000002C          0x00000182   Section        0  libinit2.o(.ARM.Collect$$libinit$$0000002C)
    .ARM.Collect$$libinit$$0000002E          0x00000182   Section        0  libinit2.o(.ARM.Collect$$libinit$$0000002E)
    .ARM.Collect$$libinit$$00000030          0x00000182   Section        0  libinit2.o(.ARM.Collect$$libinit$$00000030)
    .ARM.Collect$$libinit$$00000032          0x00000182   Section        0  libinit2.o(.ARM.Collect$$libinit$$00000032)
    .ARM.Collect$$libinit$$00000033          0x00000182   Section        2  libinit2.o(.ARM.Collect$$libinit$$00000033)
    .ARM.Collect$$libshutdown$$00000000      0x00000184   Section        2  libshutdown.o(.ARM.Collect$$libshutdown$$00000000)
    .ARM.Collect$$libshutdown$$00000002      0x00000186   Section        0  libshutdown2.o(.ARM.Collect$$libshutdown$$00000002)
    .ARM.Collect$$libshutdown$$00000004      0x00000186   Section        0  libshutdown2.o(.ARM.Collect$$libshutdown$$00000004)
    .ARM.Collect$$libshutdown$$00000007      0x00000186   Section        0  libshutdown2.o(.ARM.Collect$$libshutdown$$00000007)
    .ARM.Collect$$libshutdown$$0000000A      0x00000186   Section        0  libshutdown2.o(.ARM.Collect$$libshutdown$$0000000A)
    .ARM.Collect$$libshutdown$$0000000C      0x00000186   Section        0  libshutdown2.o(.ARM.Collect$$libshutdown$$0000000C)
    .ARM.Collect$$libshutdown$$0000000F      0x00000186   Section        0  libshutdown2.o(.ARM.Collect$$libshutdown$$0000000F)
    .ARM.Collect$$libshutdown$$00000010      0x00000186   Section        2  libshutdown2.o(.ARM.Collect$$libshutdown$$00000010)
    .ARM.Collect$$rtentry$$00000000          0x00000188   Section        0  __rtentry.o(.ARM.Collect$$rtentry$$00000000)
    .ARM.Collect$$rtentry$$00000002          0x00000188   Section        0  __rtentry2.o(.ARM.Collect$$rtentry$$00000002)
    .ARM.Collect$$rtentry$$00000004          0x00000188   Section        6  __rtentry4.o(.ARM.Collect$$rtentry$$00000004)
    .ARM.Collect$$rtentry$$00000009          0x0000018e   Section        0  __rtentry2.o(.ARM.Collect$$rtentry$$00000009)
    .ARM.Collect$$rtentry$$0000000A          0x0000018e   Section        4  __rtentry2.o(.ARM.Collect$$rtentry$$0000000A)
    .ARM.Collect$$rtentry$$0000000C          0x00000192   Section        0  __rtentry2.o(.ARM.Collect$$rtentry$$0000000C)
    .ARM.Collect$$rtentry$$0000000D          0x00000192   Section        8  __rtentry2.o(.ARM.Collect$$rtentry$$0000000D)
    .ARM.Collect$$rtexit$$00000000           0x0000019a   Section        2  rtexit.o(.ARM.Collect$$rtexit$$00000000)
    .ARM.Collect$$rtexit$$00000002           0x0000019c   Section        0  rtexit2.o(.ARM.Collect$$rtexit$$00000002)
    .ARM.Collect$$rtexit$$00000003           0x0000019c   Section        4  rtexit2.o(.ARM.Collect$$rtexit$$00000003)
    .ARM.Collect$$rtexit$$00000004           0x000001a0   Section        6  rtexit2.o(.ARM.Collect$$rtexit$$00000004)
    .text                                    0x000001a8   Section       60  startup_lpc17xx.o(.text)
    .text                                    0x000001e4   Section        0  heapauxi.o(.text)
    .text                                    0x000001ea   Section       74  sys_stackheap_outer.o(.text)
    .text                                    0x00000234   Section        0  exit.o(.text)
    .text                                    0x00000248   Section        8  libspace.o(.text)
    .text                                    0x00000250   Section        0  sys_exit.o(.text)
    .text                                    0x0000025c   Section        2  use_no_semi.o(.text)
    .text                                    0x0000025e   Section        0  indicate_semi.o(.text)
    i.Delay_init                             0x00000260   Section        0  delay.o(i.Delay_init)
    i.LCD_Window                             0x000002a0   Section        0  ili9486.o(i.LCD_Window)
    .ARM.__at_0x02FC                         0x000002fc   Section        4  startup_lpc17xx.o(.ARM.__at_0x02FC)
    i.LCD_WindowMax                          0x00000300   Section        0  ili9486.o(i.LCD_WindowMax)
    LCD_WindowMax                            0x00000301   Thumb Code    20  ili9486.o(i.LCD_WindowMax)
    i.SystemInit                             0x00000314   Section        0  system_lpc17xx.o(i.SystemInit)
    i.TFT_Clear                              0x0000043c   Section        0  ili9486.o(i.TFT_Clear)
    i.TFT_DrawButton                         0x00000460   Section        0  ili9486.o(i.TFT_DrawButton)
    i.TFT_DrawChar                           0x000004c0   Section        0  ili9486.o(i.TFT_DrawChar)
    i.TFT_DrawFillRect                       0x00000578   Section        0  ili9486.o(i.TFT_DrawFillRect)
    i.TFT_DrawString                         0x000005bc   Section        0  ili9486.o(i.TFT_DrawString)
    i.TFT_Init                               0x000005f8   Section        0  ili9486.o(i.TFT_Init)
    i.TFT_SendData                           0x0000077c   Section        0  ili9486.o(i.TFT_SendData)
    TFT_SendData                             0x0000077d   Thumb Code    28  ili9486.o(i.TFT_SendData)
    i.TFT_SetData                            0x0000079c   Section        0  ili9486.o(i.TFT_SetData)
    TFT_SetData                              0x0000079d   Thumb Code    34  ili9486.o(i.TFT_SetData)
    i.TFT_Show                               0x000007c8   Section        0  ili9486.o(i.TFT_Show)
    i.TFT_StartWrite                         0x000007dc   Section        0  ili9486.o(i.TFT_StartWrite)
    TFT_StartWrite                           0x000007dd   Thumb Code    18  ili9486.o(i.TFT_StartWrite)
    i.TFT_WriteCMD                           0x000007f4   Section        0  ili9486.o(i.TFT_WriteCMD)
    TFT_WriteCMD                             0x000007f5   Thumb Code    44  ili9486.o(i.TFT_WriteCMD)
    i.TFT_WriteData                          0x00000824   Section        0  ili9486.o(i.TFT_WriteData)
    TFT_WriteData                            0x00000825   Thumb Code    44  ili9486.o(i.TFT_WriteData)
    i.TFT_setBackgroundColor                 0x00000854   Section        0  ili9486.o(i.TFT_setBackgroundColor)
    i.delayms                                0x00000860   Section        0  delay.o(i.delayms)
    i.getPrescalar                           0x0000088c   Section        0  delay.o(i.getPrescalar)
    i.main                                   0x000008e0   Section        0  main.o(i.main)
    .data                                    0x10000000   Section        4  system_lpc17xx.o(.data)
    .data                                    0x10000004   Section     1030  ili9486.o(.data)
    .bss                                     0x1000040c   Section       96  libspace.o(.bss)
    HEAP                                     0x10000470   Section        0  startup_lpc17xx.o(HEAP)
    STACK                                    0x10000470   Section      512  startup_lpc17xx.o(STACK)
    Heap_Mem                                 0x10000470   Data           0  startup_lpc17xx.o(HEAP)
    Stack_Mem                                0x10000470   Data         512  startup_lpc17xx.o(STACK)
    __initial_sp                             0x10000670   Data           0  startup_lpc17xx.o(STACK)

    Global Symbols

    Symbol Name                              Value     Ov Type        Size  Object(Section)

    BuildAttributes$$THM_ISAv4$P$D$K$B$S$PE$A:L22UL41UL21$X:L11$S22US41US21$IEEE1$IW$USESV6$~STKCKD$USESV7$~SHL$OSPACE$ROPI$EBA8$UX$STANDARDLIB$REQ8$PRES8$EABIv2 0x00000000   Number         0  anon$$obj.o ABSOLUTE
    __ARM_use_no_argv                        0x00000000   Number         0  main.o ABSOLUTE
    __Vectors                                0x00000000   Data           4  startup_lpc17xx.o(RESET)
    __ARM_exceptions_init                     - Undefined Weak Reference
    __alloca_initialize                       - Undefined Weak Reference
    __arm_preinit_                            - Undefined Weak Reference
    __cpp_initialize__aeabi_                  - Undefined Weak Reference
    __cxa_finalize                            - Undefined Weak Reference
    __rt_locale                               - Undefined Weak Reference
    __sigvec_lookup                           - Undefined Weak Reference
    _atexit_init                              - Undefined Weak Reference
    _call_atexit_fns                          - Undefined Weak Reference
    _clock_init                               - Undefined Weak Reference
    _fp_trap_init                             - Undefined Weak Reference
    _fp_trap_shutdown                         - Undefined Weak Reference
    _get_lc_collate                           - Undefined Weak Reference
    _get_lc_ctype                             - Undefined Weak Reference
    _get_lc_monetary                          - Undefined Weak Reference
    _get_lc_numeric                           - Undefined Weak Reference
    _get_lc_time                              - Undefined Weak Reference
    _getenv_init                              - Undefined Weak Reference
    _handle_redirection                       - Undefined Weak Reference
    _init_alloc                               - Undefined Weak Reference
    _init_user_alloc                          - Undefined Weak Reference
    _initio                                   - Undefined Weak Reference
    _rand_init                                - Undefined Weak Reference
    _signal_finish                            - Undefined Weak Reference
    _signal_init                              - Undefined Weak Reference
    _terminate_alloc                          - Undefined Weak Reference
    _terminate_user_alloc                     - Undefined Weak Reference
    _terminateio                              - Undefined Weak Reference
    __main                                   0x000000cd   Thumb Code     8  __main.o(!!!main)
    __scatterload                            0x000000d5   Thumb Code     0  __scatter.o(!!!scatter)
    __scatterload_rt2                        0x000000d5   Thumb Code    44  __scatter.o(!!!scatter)
    __scatterload_rt2_thumb_only             0x000000d5   Thumb Code     0  __scatter.o(!!!scatter)
    __scatterload_null                       0x000000e3   Thumb Code     0  __scatter.o(!!!scatter)
    __decompress                             0x00000109   Thumb Code    90  __dczerorl2.o(!!dczerorl2)
    __decompress1                            0x00000109   Thumb Code     0  __dczerorl2.o(!!dczerorl2)
    __scatterload_zeroinit                   0x00000165   Thumb Code    28  __scatter_zi.o(!!handler_zi)
    __rt_lib_init                            0x00000181   Thumb Code     0  libinit.o(.ARM.Collect$$libinit$$00000000)
    __rt_lib_init_alloca_1                   0x00000183   Thumb Code     0  libinit2.o(.ARM.Collect$$libinit$$0000002E)
    __rt_lib_init_argv_1                     0x00000183   Thumb Code     0  libinit2.o(.ARM.Collect$$libinit$$0000002C)
    __rt_lib_init_atexit_1                   0x00000183   Thumb Code     0  libinit2.o(.ARM.Collect$$libinit$$0000001B)
    __rt_lib_init_clock_1                    0x00000183   Thumb Code     0  libinit2.o(.ARM.Collect$$libinit$$00000021)
    __rt_lib_init_cpp_1                      0x00000183   Thumb Code     0  libinit2.o(.ARM.Collect$$libinit$$00000032)
    __rt_lib_init_exceptions_1               0x00000183   Thumb Code     0  libinit2.o(.ARM.Collect$$libinit$$00000030)
    __rt_lib_init_fp_1                       0x00000183   Thumb Code     0  libinit2.o(.ARM.Collect$$libinit$$00000002)
    __rt_lib_init_fp_trap_1                  0x00000183   Thumb Code     0  libinit2.o(.ARM.Collect$$libinit$$0000001F)
    __rt_lib_init_getenv_1                   0x00000183   Thumb Code     0  libinit2.o(.ARM.Collect$$libinit$$00000023)
    __rt_lib_init_heap_1                     0x00000183   Thumb Code     0  libinit2.o(.ARM.Collect$$libinit$$0000000A)
    __rt_lib_init_lc_collate_1               0x00000183   Thumb Code     0  libinit2.o(.ARM.Collect$$libinit$$00000011)
    __rt_lib_init_lc_ctype_1                 0x00000183   Thumb Code     0  libinit2.o(.ARM.Collect$$libinit$$00000013)
    __rt_lib_init_lc_monetary_1              0x00000183   Thumb Code     0  libinit2.o(.ARM.Collect$$libinit$$00000015)
    __rt_lib_init_lc_numeric_1               0x00000183   Thumb Code     0  libinit2.o(.ARM.Collect$$libinit$$00000017)
    __rt_lib_init_lc_time_1                  0x00000183   Thumb Code     0  libinit2.o(.ARM.Collect$$libinit$$00000019)
    __rt_lib_init_preinit_1                  0x00000183   Thumb Code     0  libinit2.o(.ARM.Collect$$libinit$$00000004)
    __rt_lib_init_rand_1                     0x00000183   Thumb Code     0  libinit2.o(.ARM.Collect$$libinit$$0000000E)
    __rt_lib_init_return                     0x00000183   Thumb Code     0  libinit2.o(.ARM.Collect$$libinit$$00000033)
    __rt_lib_init_signal_1                   0x00000183   Thumb Code     0  libinit2.o(.ARM.Collect$$libinit$$0000001D)
    __rt_lib_init_stdio_1                    0x00000183   Thumb Code     0  libinit2.o(.ARM.Collect$$libinit$$00000025)
    __rt_lib_init_user_alloc_1               0x00000183   Thumb Code     0  libinit2.o(.ARM.Collect$$libinit$$0000000C)
    __rt_lib_shutdown                        0x00000185   Thumb Code     0  libshutdown.o(.ARM.Collect$$libshutdown$$00000000)
    __rt_lib_shutdown_cpp_1                  0x00000187   Thumb Code     0  libshutdown2.o(.ARM.Collect$$libshutdown$$00000002)
    __rt_lib_shutdown_fp_trap_1              0x00000187   Thumb Code     0  libshutdown2.o(.ARM.Collect$$libshutdown$$00000007)
    __rt_lib_shutdown_heap_1                 0x00000187   Thumb Code     0  libshutdown2.o(.ARM.Collect$$libshutdown$$0000000F)
    __rt_lib_shutdown_return                 0x00000187   Thumb Code     0  libshutdown2.o(.ARM.Collect$$libshutdown$$00000010)
    __rt_lib_shutdown_signal_1               0x00000187   Thumb Code     0  libshutdown2.o(.ARM.Collect$$libshutdown$$0000000A)
    __rt_lib_shutdown_stdio_1                0x00000187   Thumb Code     0  libshutdown2.o(.ARM.Collect$$libshutdown$$00000004)
    __rt_lib_shutdown_user_alloc_1           0x00000187   Thumb Code     0  libshutdown2.o(.ARM.Collect$$libshutdown$$0000000C)
    __rt_entry                               0x00000189   Thumb Code     0  __rtentry.o(.ARM.Collect$$rtentry$$00000000)
    __rt_entry_presh_1                       0x00000189   Thumb Code     0  __rtentry2.o(.ARM.Collect$$rtentry$$00000002)
    __rt_entry_sh                            0x00000189   Thumb Code     0  __rtentry4.o(.ARM.Collect$$rtentry$$00000004)
    __rt_entry_li                            0x0000018f   Thumb Code     0  __rtentry2.o(.ARM.Collect$$rtentry$$0000000A)
    __rt_entry_postsh_1                      0x0000018f   Thumb Code     0  __rtentry2.o(.ARM.Collect$$rtentry$$00000009)
    __rt_entry_main                          0x00000193   Thumb Code     0  __rtentry2.o(.ARM.Collect$$rtentry$$0000000D)
    __rt_entry_postli_1                      0x00000193   Thumb Code     0  __rtentry2.o(.ARM.Collect$$rtentry$$0000000C)
    __rt_exit                                0x0000019b   Thumb Code     0  rtexit.o(.ARM.Collect$$rtexit$$00000000)
    __rt_exit_ls                             0x0000019d   Thumb Code     0  rtexit2.o(.ARM.Collect$$rtexit$$00000003)
    __rt_exit_prels_1                        0x0000019d   Thumb Code     0  rtexit2.o(.ARM.Collect$$rtexit$$00000002)
    __rt_exit_exit                           0x000001a1   Thumb Code     0  rtexit2.o(.ARM.Collect$$rtexit$$00000004)
    Reset_Handler                            0x000001a9   Thumb Code     8  startup_lpc17xx.o(.text)
    NMI_Handler                              0x000001b1   Thumb Code     2  startup_lpc17xx.o(.text)
    HardFault_Handler                        0x000001b3   Thumb Code     2  startup_lpc17xx.o(.text)
    MemManage_Handler                        0x000001b5   Thumb Code     2  startup_lpc17xx.o(.text)
    BusFault_Handler                         0x000001b7   Thumb Code     2  startup_lpc17xx.o(.text)
    UsageFault_Handler                       0x000001b9   Thumb Code     2  startup_lpc17xx.o(.text)
    SVC_Handler                              0x000001bb   Thumb Code     2  startup_lpc17xx.o(.text)
    DebugMon_Handler                         0x000001bd   Thumb Code     2  startup_lpc17xx.o(.text)
    PendSV_Handler                           0x000001bf   Thumb Code     2  startup_lpc17xx.o(.text)
    SysTick_Handler                          0x000001c1   Thumb Code     2  startup_lpc17xx.o(.text)
    ADC_IRQHandler                           0x000001c3   Thumb Code     0  startup_lpc17xx.o(.text)
    BOD_IRQHandler                           0x000001c3   Thumb Code     0  startup_lpc17xx.o(.text)
    CANActivity_IRQHandler                   0x000001c3   Thumb Code     0  startup_lpc17xx.o(.text)
    CAN_IRQHandler                           0x000001c3   Thumb Code     0  startup_lpc17xx.o(.text)
    DMA_IRQHandler                           0x000001c3   Thumb Code     0  startup_lpc17xx.o(.text)
    EINT0_IRQHandler                         0x000001c3   Thumb Code     0  startup_lpc17xx.o(.text)
    EINT1_IRQHandler                         0x000001c3   Thumb Code     0  startup_lpc17xx.o(.text)
    EINT2_IRQHandler                         0x000001c3   Thumb Code     0  startup_lpc17xx.o(.text)
    EINT3_IRQHandler                         0x000001c3   Thumb Code     0  startup_lpc17xx.o(.text)
    ENET_IRQHandler                          0x000001c3   Thumb Code     0  startup_lpc17xx.o(.text)
    I2C0_IRQHandler                          0x000001c3   Thumb Code     0  startup_lpc17xx.o(.text)
    I2C1_IRQHandler                          0x000001c3   Thumb Code     0  startup_lpc17xx.o(.text)
    I2C2_IRQHandler                          0x000001c3   Thumb Code     0  startup_lpc17xx.o(.text)
    I2S_IRQHandler                           0x000001c3   Thumb Code     0  startup_lpc17xx.o(.text)
    MCPWM_IRQHandler                         0x000001c3   Thumb Code     0  startup_lpc17xx.o(.text)
    PLL0_IRQHandler                          0x000001c3   Thumb Code     0  startup_lpc17xx.o(.text)
    PLL1_IRQHandler                          0x000001c3   Thumb Code     0  startup_lpc17xx.o(.text)
    PWM1_IRQHandler                          0x000001c3   Thumb Code     0  startup_lpc17xx.o(.text)
    QEI_IRQHandler                           0x000001c3   Thumb Code     0  startup_lpc17xx.o(.text)
    RIT_IRQHandler                           0x000001c3   Thumb Code     0  startup_lpc17xx.o(.text)
    RTC_IRQHandler                           0x000001c3   Thumb Code     0  startup_lpc17xx.o(.text)
    SPI_IRQHandler                           0x000001c3   Thumb Code     0  startup_lpc17xx.o(.text)
    SSP0_IRQHandler                          0x000001c3   Thumb Code     0  startup_lpc17xx.o(.text)
    SSP1_IRQHandler                          0x000001c3   Thumb Code     0  startup_lpc17xx.o(.text)
    TIMER0_IRQHandler                        0x000001c3   Thumb Code     0  startup_lpc17xx.o(.text)
    TIMER1_IRQHandler                        0x000001c3   Thumb Code     0  startup_lpc17xx.o(.text)
    TIMER2_IRQHandler                        0x000001c3   Thumb Code     0  startup_lpc17xx.o(.text)
    TIMER3_IRQHandler                        0x000001c3   Thumb Code     0  startup_lpc17xx.o(.text)
    UART0_IRQHandler                         0x000001c3   Thumb Code     0  startup_lpc17xx.o(.text)
    UART1_IRQHandler                         0x000001c3   Thumb Code     0  startup_lpc17xx.o(.text)
    UART2_IRQHandler                         0x000001c3   Thumb Code     0  startup_lpc17xx.o(.text)
    UART3_IRQHandler                         0x000001c3   Thumb Code     0  startup_lpc17xx.o(.text)
    USBActivity_IRQHandler                   0x000001c3   Thumb Code     0  startup_lpc17xx.o(.text)
    USB_IRQHandler                           0x000001c3   Thumb Code     0  startup_lpc17xx.o(.text)
    WDT_IRQHandler                           0x000001c3   Thumb Code     0  startup_lpc17xx.o(.text)
    __user_initial_stackheap                 0x000001c5   Thumb Code     0  startup_lpc17xx.o(.text)
    __use_two_region_memory                  0x000001e5   Thumb Code     2  heapauxi.o(.text)
    __rt_heap_escrow$2region                 0x000001e7   Thumb Code     2  heapauxi.o(.text)
    __rt_heap_expand$2region                 0x000001e9   Thumb Code     2  heapauxi.o(.text)
    __user_setup_stackheap                   0x000001eb   Thumb Code    74  sys_stackheap_outer.o(.text)
    exit                                     0x00000235   Thumb Code    18  exit.o(.text)
    __user_libspace                          0x00000249   Thumb Code     8  libspace.o(.text)
    __user_perproc_libspace                  0x00000249   Thumb Code     0  libspace.o(.text)
    __user_perthread_libspace                0x00000249   Thumb Code     0  libspace.o(.text)
    _sys_exit                                0x00000251   Thumb Code     8  sys_exit.o(.text)
    __I$use$semihosting                      0x0000025d   Thumb Code     0  use_no_semi.o(.text)
    __use_no_semihosting_swi                 0x0000025d   Thumb Code     2  use_no_semi.o(.text)
    __semihosting_library_function           0x0000025f   Thumb Code     0  indicate_semi.o(.text)
    Delay_init                               0x00000261   Thumb Code    60  delay.o(i.Delay_init)
    LCD_Window                               0x000002a1   Thumb Code    90  ili9486.o(i.LCD_Window)
    SystemInit                               0x00000315   Thumb Code   280  system_lpc17xx.o(i.SystemInit)
    TFT_Clear                                0x0000043d   Thumb Code    36  ili9486.o(i.TFT_Clear)
    TFT_DrawButton                           0x00000461   Thumb Code    92  ili9486.o(i.TFT_DrawButton)
    TFT_DrawChar                             0x000004c1   Thumb Code   172  ili9486.o(i.TFT_DrawChar)
    TFT_DrawFillRect                         0x00000579   Thumb Code    68  ili9486.o(i.TFT_DrawFillRect)
    TFT_DrawString                           0x000005bd   Thumb Code    54  ili9486.o(i.TFT_DrawString)
    TFT_Init                                 0x000005f9   Thumb Code   378  ili9486.o(i.TFT_Init)
    TFT_Show                                 0x000007c9   Thumb Code    16  ili9486.o(i.TFT_Show)
    TFT_setBackgroundColor                   0x00000855   Thumb Code     6  ili9486.o(i.TFT_setBackgroundColor)
    delayms                                  0x00000861   Thumb Code    44  delay.o(i.delayms)
    getPrescalar                             0x0000088d   Thumb Code    70  delay.o(i.getPrescalar)
    main                                     0x000008e1   Thumb Code   160  main.o(i.main)
    Region$$Table$$Base                      0x000009b8   Number         0  anon$$obj.o(Region$$Table)
    Region$$Table$$Limit                     0x000009d8   Number         0  anon$$obj.o(Region$$Table)
    SystemCoreClock                          0x10000000   Data           4  system_lpc17xx.o(.data)
    font8x8_basic                            0x10000004   Data        1024  ili9486.o(.data)
    textColor                                0x10000404   Data           2  ili9486.o(.data)
    BackgroundColor                          0x10000406   Data           2  ili9486.o(.data)
    fontSize                                 0x10000408   Data           2  ili9486.o(.data)
    __libspace_start                         0x1000040c   Data          96  libspace.o(.bss)
    __temporary_stack_top$libspace           0x1000046c   Data           0  libspace.o(.bss)



==============================================================================

Memory Map of the image

  Image Entry point : 0x000001a9

  Load Region LR_1 (Base: 0x00000000, Size: 0x00000de4, Max: 0xffffffff, ABSOLUTE, COMPRESSED[0x00000c10])

    Execution Region ER_RO (Exec base: 0x00000000, Load base: 0x00000000, Size: 0x000009d8, Max: 0xffffffff, ABSOLUTE)

    Exec Addr    Load Addr    Size         Type   Attr      Idx    E Section Name        Object

    0x00000000   0x00000000   0x000000cc   Data   RO          114    RESET               startup_lpc17xx.o
    0x000000cc   0x000000cc   0x00000008   Code   RO          507  * !!!main             c_w.l(__main.o)
    0x000000d4   0x000000d4   0x00000034   Code   RO          666    !!!scatter          c_w.l(__scatter.o)
    0x00000108   0x00000108   0x0000005a   Code   RO          664    !!dczerorl2         c_w.l(__dczerorl2.o)
    0x00000162   0x00000162   0x00000002   PAD
    0x00000164   0x00000164   0x0000001c   Code   RO          668    !!handler_zi        c_w.l(__scatter_zi.o)
    0x00000180   0x00000180   0x00000002   Code   RO          534    .ARM.Collect$$libinit$$00000000  c_w.l(libinit.o)
    0x00000182   0x00000182   0x00000000   Code   RO          541    .ARM.Collect$$libinit$$00000002  c_w.l(libinit2.o)
    0x00000182   0x00000182   0x00000000   Code   RO          543    .ARM.Collect$$libinit$$00000004  c_w.l(libinit2.o)
    0x00000182   0x00000182   0x00000000   Code   RO          546    .ARM.Collect$$libinit$$0000000A  c_w.l(libinit2.o)
    0x00000182   0x00000182   0x00000000   Code   RO          548    .ARM.Collect$$libinit$$0000000C  c_w.l(libinit2.o)
    0x00000182   0x00000182   0x00000000   Code   RO          550    .ARM.Collect$$libinit$$0000000E  c_w.l(libinit2.o)
    0x00000182   0x00000182   0x00000000   Code   RO          553    .ARM.Collect$$libinit$$00000011  c_w.l(libinit2.o)
    0x00000182   0x00000182   0x00000000   Code   RO          555    .ARM.Collect$$libinit$$00000013  c_w.l(libinit2.o)
    0x00000182   0x00000182   0x00000000   Code   RO          557    .ARM.Collect$$libinit$$00000015  c_w.l(libinit2.o)
    0x00000182   0x00000182   0x00000000   Code   RO          559    .ARM.Collect$$libinit$$00000017  c_w.l(libinit2.o)
    0x00000182   0x00000182   0x00000000   Code   RO          561    .ARM.Collect$$libinit$$00000019  c_w.l(libinit2.o)
    0x00000182   0x00000182   0x00000000   Code   RO          563    .ARM.Collect$$libinit$$0000001B  c_w.l(libinit2.o)
    0x00000182   0x00000182   0x00000000   Code   RO          565    .ARM.Collect$$libinit$$0000001D  c_w.l(libinit2.o)
    0x00000182   0x00000182   0x00000000   Code   RO          567    .ARM.Collect$$libinit$$0000001F  c_w.l(libinit2.o)
    0x00000182   0x00000182   0x00000000   Code   RO          569    .ARM.Collect$$libinit$$00000021  c_w.l(libinit2.o)
    0x00000182   0x00000182   0x00000000   Code   RO          571    .ARM.Collect$$libinit$$00000023  c_w.l(libinit2.o)
    0x00000182   0x00000182   0x00000000   Code   RO          573    .ARM.Collect$$libinit$$00000025  c_w.l(libinit2.o)
    0x00000182   0x00000182   0x00000000   Code   RO          577    .ARM.Collect$$libinit$$0000002C  c_w.l(libinit2.o)
    0x00000182   0x00000182   0x00000000   Code   RO          579    .ARM.Collect$$libinit$$0000002E  c_w.l(libinit2.o)
    0x00000182   0x00000182   0x00000000   Code   RO          581    .ARM.Collect$$libinit$$00000030  c_w.l(libinit2.o)
    0x00000182   0x00000182   0x00000000   Code   RO          583    .ARM.Collect$$libinit$$00000032  c_w.l(libinit2.o)
    0x00000182   0x00000182   0x00000002   Code   RO          584    .ARM.Collect$$libinit$$00000033  c_w.l(libinit2.o)
    0x00000184   0x00000184   0x00000002   Code   RO          604    .ARM.Collect$$libshutdown$$00000000  c_w.l(libshutdown.o)
    0x00000186   0x00000186   0x00000000   Code   RO          617    .ARM.Collect$$libshutdown$$00000002  c_w.l(libshutdown2.o)
    0x00000186   0x00000186   0x00000000   Code   RO          619    .ARM.Collect$$libshutdown$$00000004  c_w.l(libshutdown2.o)
    0x00000186   0x00000186   0x00000000   Code   RO          622    .ARM.Collect$$libshutdown$$00000007  c_w.l(libshutdown2.o)
    0x00000186   0x00000186   0x00000000   Code   RO          625    .ARM.Collect$$libshutdown$$0000000A  c_w.l(libshutdown2.o)
    0x00000186   0x00000186   0x00000000   Code   RO          627    .ARM.Collect$$libshutdown$$0000000C  c_w.l(libshutdown2.o)
    0x00000186   0x00000186   0x00000000   Code   RO          630    .ARM.Collect$$libshutdown$$0000000F  c_w.l(libshutdown2.o)
    0x00000186   0x00000186   0x00000002   Code   RO          631    .ARM.Collect$$libshutdown$$00000010  c_w.l(libshutdown2.o)
    0x00000188   0x00000188   0x00000000   Code   RO          509    .ARM.Collect$$rtentry$$00000000  c_w.l(__rtentry.o)
    0x00000188   0x00000188   0x00000000   Code   RO          511    .ARM.Collect$$rtentry$$00000002  c_w.l(__rtentry2.o)
    0x00000188   0x00000188   0x00000006   Code   RO          523    .ARM.Collect$$rtentry$$00000004  c_w.l(__rtentry4.o)
    0x0000018e   0x0000018e   0x00000000   Code   RO          513    .ARM.Collect$$rtentry$$00000009  c_w.l(__rtentry2.o)
    0x0000018e   0x0000018e   0x00000004   Code   RO          514    .ARM.Collect$$rtentry$$0000000A  c_w.l(__rtentry2.o)
    0x00000192   0x00000192   0x00000000   Code   RO          516    .ARM.Collect$$rtentry$$0000000C  c_w.l(__rtentry2.o)
    0x00000192   0x00000192   0x00000008   Code   RO          517    .ARM.Collect$$rtentry$$0000000D  c_w.l(__rtentry2.o)
    0x0000019a   0x0000019a   0x00000002   Code   RO          538    .ARM.Collect$$rtexit$$00000000  c_w.l(rtexit.o)
    0x0000019c   0x0000019c   0x00000000   Code   RO          586    .ARM.Collect$$rtexit$$00000002  c_w.l(rtexit2.o)
    0x0000019c   0x0000019c   0x00000004   Code   RO          587    .ARM.Collect$$rtexit$$00000003  c_w.l(rtexit2.o)
    0x000001a0   0x000001a0   0x00000006   Code   RO          588    .ARM.Collect$$rtexit$$00000004  c_w.l(rtexit2.o)
    0x000001a6   0x000001a6   0x00000002   PAD
    0x000001a8   0x000001a8   0x0000003c   Code   RO          116  * .text               startup_lpc17xx.o
    0x000001e4   0x000001e4   0x00000006   Code   RO          505    .text               c_w.l(heapauxi.o)
    0x000001ea   0x000001ea   0x0000004a   Code   RO          525    .text               c_w.l(sys_stackheap_outer.o)
    0x00000234   0x00000234   0x00000012   Code   RO          527    .text               c_w.l(exit.o)
    0x00000246   0x00000246   0x00000002   PAD
    0x00000248   0x00000248   0x00000008   Code   RO          535    .text               c_w.l(libspace.o)
    0x00000250   0x00000250   0x0000000c   Code   RO          596    .text               c_w.l(sys_exit.o)
    0x0000025c   0x0000025c   0x00000002   Code   RO          607    .text               c_w.l(use_no_semi.o)
    0x0000025e   0x0000025e   0x00000000   Code   RO          609    .text               c_w.l(indicate_semi.o)
    0x0000025e   0x0000025e   0x00000002   PAD
    0x00000260   0x00000260   0x00000040   Code   RO          252    i.Delay_init        delay.o
    0x000002a0   0x000002a0   0x0000005a   Code   RO          331    i.LCD_Window        ili9486.o
    0x000002fa   0x000002fa   0x00000002   PAD
    0x000002fc   0x000002fc   0x00000004   Code   RO          115    .ARM.__at_0x02FC    startup_lpc17xx.o
    0x00000300   0x00000300   0x00000014   Code   RO          332    i.LCD_WindowMax     ili9486.o
    0x00000314   0x00000314   0x00000128   Code   RO           73    i.SystemInit        system_lpc17xx.o
    0x0000043c   0x0000043c   0x00000024   Code   RO          334    i.TFT_Clear         ili9486.o
    0x00000460   0x00000460   0x00000060   Code   RO          336    i.TFT_DrawButton    ili9486.o
    0x000004c0   0x000004c0   0x000000b8   Code   RO          337    i.TFT_DrawChar      ili9486.o
    0x00000578   0x00000578   0x00000044   Code   RO          340    i.TFT_DrawFillRect  ili9486.o
    0x000005bc   0x000005bc   0x0000003c   Code   RO          346    i.TFT_DrawString    ili9486.o
    0x000005f8   0x000005f8   0x00000184   Code   RO          347    i.TFT_Init          ili9486.o
    0x0000077c   0x0000077c   0x00000020   Code   RO          348    i.TFT_SendData      ili9486.o
    0x0000079c   0x0000079c   0x0000002c   Code   RO          349    i.TFT_SetData       ili9486.o
    0x000007c8   0x000007c8   0x00000014   Code   RO          351    i.TFT_Show          ili9486.o
    0x000007dc   0x000007dc   0x00000018   Code   RO          352    i.TFT_StartWrite    ili9486.o
    0x000007f4   0x000007f4   0x00000030   Code   RO          353    i.TFT_WriteCMD      ili9486.o
    0x00000824   0x00000824   0x00000030   Code   RO          354    i.TFT_WriteData     ili9486.o
    0x00000854   0x00000854   0x0000000c   Code   RO          355    i.TFT_setBackgroundColor  ili9486.o
    0x00000860   0x00000860   0x0000002c   Code   RO          253    i.delayms           delay.o
    0x0000088c   0x0000088c   0x00000054   Code   RO          255    i.getPrescalar      delay.o
    0x000008e0   0x000008e0   0x000000d8   Code   RO            4    i.main              main.o
    0x000009b8   0x000009b8   0x00000020   Data   RO          662    Region$$Table       anon$$obj.o


    Execution Region ER_RW (Exec base: 0x10000000, Load base: 0x000009d8, Size: 0x0000040c, Max: 0xffffffff, ABSOLUTE, COMPRESSED[0x00000238])

    Exec Addr    Load Addr    Size         Type   Attr      Idx    E Section Name        Object

    0x10000000   COMPRESSED   0x00000004   Data   RW           74    .data               system_lpc17xx.o
    0x10000004   COMPRESSED   0x00000406   Data   RW          357    .data               ili9486.o


    Execution Region ER_ZI (Exec base: 0x1000040c, Load base: 0x00000c10, Size: 0x00000264, Max: 0xffffffff, ABSOLUTE)

    Exec Addr    Load Addr    Size         Type   Attr      Idx    E Section Name        Object

    0x1000040c        -       0x00000060   Zero   RW          536    .bss                c_w.l(libspace.o)
    0x1000046c   0x00000c10   0x00000004   PAD
    0x10000470        -       0x00000000   Zero   RW          113    HEAP                startup_lpc17xx.o
    0x10000470        -       0x00000200   Zero   RW          112    STACK               startup_lpc17xx.o


==============================================================================

Image component sizes


      Code (inc. data)   RO Data    RW Data    ZI Data      Debug   Object Name

       192         18          0          0          0       1386   delay.o
      1170         70          0       1030          0       9079   ili9486.o
       216         56          0          0          0       5023   main.o
        64         26        204          0        512        952   startup_lpc17xx.o
       296         16          0          4          0        759   system_lpc17xx.o

    ----------------------------------------------------------------------
      1940        186        236       1036        512      17199   Object Totals
         0          0         32          0          0          0   (incl. Generated)
         2          0          0          2          0          0   (incl. Padding)

    ----------------------------------------------------------------------

      Code (inc. data)   RO Data    RW Data    ZI Data      Debug   Library Member Name

        90          0          0          0          0          0   __dczerorl2.o
         8          0          0          0          0         68   __main.o
         0          0          0          0          0          0   __rtentry.o
        12          0          0          0          0          0   __rtentry2.o
         6          0          0          0          0          0   __rtentry4.o
        52          8          0          0          0          0   __scatter.o
        28          0          0          0          0          0   __scatter_zi.o
        18          0          0          0          0         80   exit.o
         6          0          0          0          0        152   heapauxi.o
         0          0          0          0          0          0   indicate_semi.o
         2          0          0          0          0          0   libinit.o
         2          0          0          0          0          0   libinit2.o
         2          0          0          0          0          0   libshutdown.o
         2          0          0          0          0          0   libshutdown2.o
         8          4          0          0         96         68   libspace.o
         2          0          0          0          0          0   rtexit.o
        10          0          0          0          0          0   rtexit2.o
        12          4          0          0          0         68   sys_exit.o
        74          0          0          0          0         80   sys_stackheap_outer.o
         2          0          0          0          0         68   use_no_semi.o

    ----------------------------------------------------------------------
       344         16          0          0        100        584   Library Totals
         8          0          0          0          4          0   (incl. Padding)

    ----------------------------------------------------------------------

      Code (inc. data)   RO Data    RW Data    ZI Data      Debug   Library Name

       336         16          0          0         96        584   c_w.l

    ----------------------------------------------------------------------
       344         16          0          0        100        584   Library Totals

    ----------------------------------------------------------------------

==============================================================================


      Code (inc. data)   RO Data    RW Data    ZI Data      Debug   

      2284        202        236       1036        612      16739   Grand Totals
      2284        202        236        568        612      16739   ELF Image Totals (compressed)
      2284        202        236        568          0          0   ROM Totals

==============================================================================

    Total RO  Size (Code + RO Data)                 2520 (   2.46kB)
    Total RW  Size (RW Data + ZI Data)              1648 (   1.61kB)
    Total ROM Size (Code + RO Data + RW Data)       3088 (   3.02kB)

==============================================================================

